../Core/Src/main.c:128:6:HAL_ADC_ConvCpltCallback	16	static
../Core/Src/main.c:148:6:HAL_TIM_IC_CaptureCallback	16	static
../Core/Src/main.c:155:6:HAL_TIM_PeriodElapsedCallback	16	static
../Core/Src/main.c:164:6:HAL_UARTEx_RxEventCallback	16	static
../Core/Src/main.c:184:9:getUserButton	8	static
../Core/Src/main.c:188:6:handleHostCommand	8	static
../Core/Src/main.c:301:6:CAN_init	40	static
../Core/Src/main.c:351:5:main	8	static
../Core/Src/main.c:510:6:SystemClock_Config	88	static
../Core/Src/main.c:557:13:MX_ADC1_Init	56	static
../Core/Src/main.c:643:13:MX_ADC2_Init	40	static
../Core/Src/main.c:711:13:MX_FDCAN1_Init	8	static
../Core/Src/main.c:754:13:MX_I2C1_Init	8	static
../Core/Src/main.c:802:13:MX_OPAMP1_Init	8	static
../Core/Src/main.c:836:13:MX_OPAMP2_Init	8	static
../Core/Src/main.c:870:13:MX_OPAMP3_Init	8	static
../Core/Src/main.c:904:13:MX_TIM1_Init	104	static
../Core/Src/main.c:984:13:MX_TIM4_Init	56	static
../Core/Src/main.c:1048:13:MX_TIM6_Init	24	static
../Core/Src/main.c:1086:13:MX_TIM7_Init	24	static
../Core/Src/main.c:1124:13:MX_USART2_UART_Init	8	static
../Core/Src/main.c:1172:13:MX_DMA_Init	16	static
../Core/Src/main.c:1200:13:MX_GPIO_Init	48	static
../Core/Src/main.c:1239:6:Error_Handler	4	static,ignoring_inline_asm
